2025-03-23 22:20:03,163 - email_utils - INFO - Attempting to send verification email to lazerviji08@student.sfit.ac.in
2025-03-23 22:20:07,302 - email_utils - INFO - Successfully sent verification email to lazerviji08@student.sfit.ac.in
2025-03-23 22:22:27,688 - email_utils - INFO - Attempting to send verification email to lazerviji80@student.sfit.ac.in
2025-03-23 22:22:31,133 - email_utils - INFO - Successfully sent verification email to lazerviji80@student.sfit.ac.in
2025-03-24 20:37:24,814 - email_utils - INFO - Attempting to send verification email to stashlopes27@gmail.com
2025-03-24 20:37:28,094 - email_utils - INFO - Successfully sent verification email to stashlopes27@gmail.com
2025-03-26 23:02:03,342 - email_utils - INFO - Attempting to send verification email to karthikjanardhan5@student.sfit.ac.in
2025-03-26 23:02:07,381 - email_utils - INFO - Successfully sent verification email to karthikjanardhan5@student.sfit.ac.in
2025-03-26 23:03:33,050 - email_utils - INFO - Attempting to send verification email to karthikjanardhan5@gmail.com
2025-03-26 23:03:36,903 - email_utils - INFO - Successfully sent verification email to karthikjanardhan5@gmail.com
2025-03-26 23:23:49,538 - email_utils - INFO - Attempting to send verification email to karthikjanardhan5@gmail.com
2025-03-26 23:23:53,673 - email_utils - INFO - Successfully sent verification email to karthikjanardhan5@gmail.com
2025-03-27 19:15:26,359 - email_utils - INFO - Attempting to send verification email to karthikjanardhan5@student.sfit.ac.in
2025-03-27 19:15:30,503 - email_utils - INFO - Successfully sent verification email to karthikjanardhan5@student.sfit.ac.in
2025-03-27 21:52:39,000 - email_utils - INFO - Attempting to send verification email to karthikjanardhan5@student.sfit.ac.in
2025-03-27 21:52:43,063 - email_utils - INFO - Successfully sent verification email to karthikjanardhan5@student.sfit.ac.in
2025-03-27 22:05:57,734 - email_utils - INFO - Attempting to send verification email to karthikjanardhan5@student.sfit.ac.in
2025-03-27 22:06:02,367 - email_utils - INFO - Successfully sent verification email to karthikjanardhan5@student.sfit.ac.in
2025-03-27 22:09:46,641 - email_utils - INFO - Attempting to send verification email to karthikjanardhan5@gmail.com
2025-03-27 22:09:50,312 - email_utils - INFO - Successfully sent verification email to karthikjanardhan5@gmail.com
2025-03-30 16:33:02,261 - email_utils - INFO - Attempting to send verification email to karthikjanardhan5@student.sfit.ac.in
2025-03-30 16:33:07,006 - email_utils - INFO - Successfully sent verification email to karthikjanardhan5@student.sfit.ac.in
2025-03-30 16:51:47,213 - email_utils - INFO - Attempting to send verification email to karthikjanardhan5@student.sfit.ac.in
2025-03-30 16:51:51,851 - email_utils - INFO - Successfully sent verification email to karthikjanardhan5@student.sfit.ac.in
2025-03-30 16:55:30,934 - email_utils - INFO - Attempting to send verification email to karthikjanardhan5@student.sfit.ac.in
2025-03-30 16:55:35,641 - email_utils - INFO - Successfully sent verification email to karthikjanardhan5@student.sfit.ac.in
2025-03-30 20:04:24,906 - email_utils - INFO - Attempting to send verification email to karthikjanardhan5@student.sfit.ac.in
2025-03-30 20:04:29,713 - email_utils - INFO - Successfully sent verification email to karthikjanardhan5@student.sfit.ac.in
2025-03-30 20:18:49,904 - email_utils - INFO - Attempting to send verification email to karthikjanardhan5@student.sfit.ac.in
2025-03-30 20:18:53,897 - email_utils - INFO - Successfully sent verification email to karthikjanardhan5@student.sfit.ac.in
2025-03-30 20:23:49,262 - email_utils - INFO - Attempting to send verification email to karthikjanardhan5@student.sfit.ac.in
2025-03-30 20:23:53,444 - email_utils - INFO - Successfully sent verification email to karthikjanardhan5@student.sfit.ac.in
2025-03-31 17:29:26,061 - email_utils - INFO - Attempting to send verification email to stashlopes27@gmail.com
2025-03-31 17:29:29,614 - email_utils - INFO - Successfully sent verification email to stashlopes27@gmail.com
2025-03-31 17:42:56,422 - email_utils - INFO - Attempting to send verification email to Stashlopes27@student.sfit.ac.in
2025-03-31 17:42:59,515 - email_utils - INFO - Successfully sent verification email to Stashlopes27@student.sfit.ac.in
2025-04-02 01:41:06,003 - email_utils - INFO - Attempting to send verification email to rahilkirtikar@gmail.com
2025-04-02 01:41:09,249 - email_utils - INFO - Successfully sent verification email to rahilkirtikar@gmail.com
2025-04-02 12:35:51,752 - email_utils - INFO - Attempting to send verification email to nidhi.chitalia@sfit.ac.in
2025-04-02 12:36:03,217 - email_utils - INFO - Successfully sent verification email to nidhi.chitalia@sfit.ac.in
2025-04-02 12:36:39,957 - email_utils - INFO - Attempting to send verification email to nidhi.chitalia@sfit.ac.in
2025-04-02 12:36:47,455 - email_utils - INFO - Successfully sent verification email to nidhi.chitalia@sfit.ac.in
2025-04-02 12:51:47,695 - email_utils - INFO - Attempting to send verification email to rahilkirtikar@student.sfit.ac.in
2025-04-02 12:51:52,280 - email_utils - INFO - Successfully sent verification email to rahilkirtikar@student.sfit.ac.in
2025-04-02 17:52:36,772 - email_utils - INFO - Attempting to send verification email to stashlopes27@gmail.com
2025-04-02 17:52:40,210 - email_utils - INFO - Successfully sent verification email to stashlopes27@gmail.com
2025-04-02 17:55:55,236 - email_utils - INFO - Attempting to send verification email to stashlopes27@gmail.com
2025-04-02 17:55:58,560 - email_utils - INFO - Successfully sent verification email to stashlopes27@gmail.com
2025-04-02 17:57:46,095 - email_utils - INFO - Attempting to send verification email to stashlopes27@gmail.com
2025-04-02 17:57:50,524 - email_utils - INFO - Successfully sent verification email to stashlopes27@gmail.com
2025-04-02 18:03:09,373 - email_utils - INFO - Attempting to send verification email to stashlopes27@gmail.com
2025-04-02 18:03:12,435 - email_utils - INFO - Successfully sent verification email to stashlopes27@gmail.com
2025-04-02 18:23:51,344 - email_utils - INFO - Attempting to send verification email to Stashlopes27@student.sfit.ac.in
2025-04-02 18:23:54,730 - email_utils - INFO - Successfully sent verification email to Stashlopes27@student.sfit.ac.in
2025-04-02 18:39:07,452 - email_utils - INFO - Attempting to send verification email to Stashlopes27@student.sfit.ac.in
2025-04-02 18:39:10,847 - email_utils - INFO - Successfully sent verification email to Stashlopes27@student.sfit.ac.in
2025-04-02 18:43:24,953 - email_utils - INFO - Attempting to send verification email to Stashlopes27@student.sfit.ac.in
2025-04-02 18:43:28,069 - email_utils - INFO - Successfully sent verification email to Stashlopes27@student.sfit.ac.in
2025-04-02 18:46:45,096 - email_utils - INFO - Attempting to send verification email to Stashlopes27@student.sfit.ac.in
2025-04-02 18:46:48,174 - email_utils - INFO - Successfully sent verification email to Stashlopes27@student.sfit.ac.in
2025-04-02 18:48:45,993 - email_utils - INFO - Attempting to send verification email to Stashlopes27@student.sfit.ac.in
2025-04-02 18:48:49,291 - email_utils - INFO - Successfully sent verification email to Stashlopes27@student.sfit.ac.in
2025-04-02 18:50:46,984 - email_utils - INFO - Attempting to send verification email to Stashlopes27@student.sfit.ac.in
2025-04-02 18:50:50,242 - email_utils - INFO - Successfully sent verification email to Stashlopes27@student.sfit.ac.in
2025-04-02 19:06:28,847 - email_utils - INFO - Attempting to send verification email to Stashlopes27@student.sfit.ac.in
2025-04-02 19:06:32,235 - email_utils - INFO - Successfully sent verification email to Stashlopes27@student.sfit.ac.in
2025-04-02 19:24:58,669 - email_utils - INFO - Attempting to send verification email to stashlopes27@gmail.com
2025-04-02 19:25:02,004 - email_utils - INFO - Successfully sent verification email to stashlopes27@gmail.com
2025-04-02 21:17:56,526 - email_utils - INFO - Attempting to send verification email to stashlopes27@gmail.com
2025-04-02 21:18:00,044 - email_utils - INFO - Successfully sent verification email to stashlopes27@gmail.com
2025-04-02 21:42:03,710 - email_utils - INFO - Attempting to send verification email to Stashlopes27@student.sfit.ac.in
2025-04-02 21:42:06,941 - email_utils - INFO - Successfully sent verification email to Stashlopes27@student.sfit.ac.in
2025-04-02 21:49:46,155 - email_utils - INFO - Attempting to send verification email to Stashlopes27@student.sfit.ac.in
2025-04-02 21:49:49,492 - email_utils - INFO - Successfully sent verification email to Stashlopes27@student.sfit.ac.in
2025-04-02 21:51:46,023 - email_utils - INFO - Attempting to send verification email to Stashlopes27@student.sfit.ac.in
2025-04-02 21:51:49,106 - email_utils - INFO - Successfully sent verification email to Stashlopes27@student.sfit.ac.in
2025-04-02 22:02:30,950 - email_utils - INFO - Attempting to send verification email to Stashlopes27@student.sfit.ac.in
2025-04-02 22:02:34,015 - email_utils - INFO - Successfully sent verification email to Stashlopes27@student.sfit.ac.in
2025-04-02 22:30:07,314 - email_utils - INFO - Attempting to send verification email to karthikjanardhan5@student.sfit.ac.in
2025-04-02 22:30:11,591 - email_utils - INFO - Successfully sent verification email to karthikjanardhan5@student.sfit.ac.in
2025-04-02 22:31:42,895 - email_utils - INFO - Attempting to send verification email to karthikjanardhan5@gmail.com
2025-04-02 22:31:46,676 - email_utils - INFO - Successfully sent verification email to karthikjanardhan5@gmail.com
2025-04-02 22:34:17,765 - email_utils - INFO - Attempting to send verification email to karthikjanardhan5@student.sfit.ac.in
2025-04-02 22:34:21,757 - email_utils - INFO - Successfully sent verification email to karthikjanardhan5@student.sfit.ac.in
2025-04-02 22:35:33,812 - email_utils - INFO - Attempting to send verification email to karthikjanardhan5@gmail.com
2025-04-02 22:35:37,610 - email_utils - INFO - Successfully sent verification email to karthikjanardhan5@gmail.com
2025-04-02 22:47:28,700 - email_utils - INFO - Attempting to send verification email to karthikjanardhan5@student.sfit.ac.in
2025-04-02 22:47:33,035 - email_utils - INFO - Successfully sent verification email to karthikjanardhan5@student.sfit.ac.in
2025-04-03 20:08:02,780 - email_utils - INFO - Attempting to send verification email to karthikjanardhan5@gmail.com
2025-04-03 20:08:06,981 - email_utils - INFO - Successfully sent verification email to karthikjanardhan5@gmail.com
2025-04-03 20:21:59,138 - email_utils - INFO - Attempting to send verification email to stashlopes27@gmail.com
2025-04-03 20:22:03,014 - email_utils - INFO - Successfully sent verification email to stashlopes27@gmail.com
2025-09-21 15:44:23,122 - email_utils - INFO - Attempting to send verification email to lopesstash515@gmail.com
2025-09-21 15:44:26,303 - email_utils - INFO - Successfully sent verification email to lopesstash515@gmail.com
2025-09-21 15:45:44,756 - email_utils - INFO - Attempting to send verification email to tonysnehal2112@gmail.com
2025-09-21 15:45:47,836 - email_utils - INFO - Successfully sent verification email to tonysnehal2112@gmail.com
2025-09-28 11:31:58,781 - email_utils - INFO - Attempting to send verification email to stashlopes27@gmail.com
2025-09-28 11:32:01,813 - email_utils - INFO - Successfully sent verification email to stashlopes27@gmail.com
